// Jest Snapshot v1, https://goo.gl/fbAQLP

exports[`static website infra has not changed 1`] = `
Object {
  "Outputs": Object {
    "CloudFrontURL": Object {
      "Description": "CDN URL",
      "Value": Object {
        "Fn::Join": Array [
          "",
          Array [
            "https://",
            Object {
              "Fn::GetAtt": Array [
                "cloudfrontCFDistribution0FC24C70",
                "DomainName",
              ],
            },
          ],
        ],
      },
    },
  },
  "Parameters": Object {
    "AssetParameters4184245adc1f2ed71e1f0ae5719f8fd7f34324b750f1bf06b2fb5cf1f4014f50ArtifactHash846130E4": Object {
      "Description": "Artifact hash for asset \\"4184245adc1f2ed71e1f0ae5719f8fd7f34324b750f1bf06b2fb5cf1f4014f50\\"",
      "Type": "String",
    },
    "AssetParameters4184245adc1f2ed71e1f0ae5719f8fd7f34324b750f1bf06b2fb5cf1f4014f50S3BucketB6159468": Object {
      "Description": "S3 bucket for asset \\"4184245adc1f2ed71e1f0ae5719f8fd7f34324b750f1bf06b2fb5cf1f4014f50\\"",
      "Type": "String",
    },
    "AssetParameters4184245adc1f2ed71e1f0ae5719f8fd7f34324b750f1bf06b2fb5cf1f4014f50S3VersionKey2060CAC0": Object {
      "Description": "S3 key for asset version \\"4184245adc1f2ed71e1f0ae5719f8fd7f34324b750f1bf06b2fb5cf1f4014f50\\"",
      "Type": "String",
    },
    "AssetParametersc4d53c2eeeab7a70aa1f2e51d05d89c5f3b10a8d9d14146ab6face142762093eArtifactHash5A93DDD1": Object {
      "Description": "Artifact hash for asset \\"c4d53c2eeeab7a70aa1f2e51d05d89c5f3b10a8d9d14146ab6face142762093e\\"",
      "Type": "String",
    },
    "AssetParametersc4d53c2eeeab7a70aa1f2e51d05d89c5f3b10a8d9d14146ab6face142762093eS3Bucket2013C2DF": Object {
      "Description": "S3 bucket for asset \\"c4d53c2eeeab7a70aa1f2e51d05d89c5f3b10a8d9d14146ab6face142762093e\\"",
      "Type": "String",
    },
    "AssetParametersc4d53c2eeeab7a70aa1f2e51d05d89c5f3b10a8d9d14146ab6face142762093eS3VersionKey4ABDA729": Object {
      "Description": "S3 key for asset version \\"c4d53c2eeeab7a70aa1f2e51d05d89c5f3b10a8d9d14146ab6face142762093e\\"",
      "Type": "String",
    },
  },
  "Resources": Object {
    "BucketOrigin15820FC1": Object {
      "Properties": Object {
        "CloudFrontOriginAccessIdentityConfig": Object {
          "Comment": "Allows CloudFront to reach the bucket",
        },
      },
      "Type": "AWS::CloudFront::CloudFrontOriginAccessIdentity",
    },
    "CustomCDKBucketDeployment8693BB64968944B69AAFB0CC9EB8756C81C01536": Object {
      "DependsOn": Array [
        "CustomCDKBucketDeployment8693BB64968944B69AAFB0CC9EB8756CServiceRoleDefaultPolicy88902FDF",
        "CustomCDKBucketDeployment8693BB64968944B69AAFB0CC9EB8756CServiceRole89A01265",
      ],
      "Properties": Object {
        "Code": Object {
          "S3Bucket": Object {
            "Ref": "AssetParameters4184245adc1f2ed71e1f0ae5719f8fd7f34324b750f1bf06b2fb5cf1f4014f50S3BucketB6159468",
          },
          "S3Key": Object {
            "Fn::Join": Array [
              "",
              Array [
                Object {
                  "Fn::Select": Array [
                    0,
                    Object {
                      "Fn::Split": Array [
                        "||",
                        Object {
                          "Ref": "AssetParameters4184245adc1f2ed71e1f0ae5719f8fd7f34324b750f1bf06b2fb5cf1f4014f50S3VersionKey2060CAC0",
                        },
                      ],
                    },
                  ],
                },
                Object {
                  "Fn::Select": Array [
                    1,
                    Object {
                      "Fn::Split": Array [
                        "||",
                        Object {
                          "Ref": "AssetParameters4184245adc1f2ed71e1f0ae5719f8fd7f34324b750f1bf06b2fb5cf1f4014f50S3VersionKey2060CAC0",
                        },
                      ],
                    },
                  ],
                },
              ],
            ],
          },
        },
        "Handler": "index.handler",
        "Role": Object {
          "Fn::GetAtt": Array [
            "CustomCDKBucketDeployment8693BB64968944B69AAFB0CC9EB8756CServiceRole89A01265",
            "Arn",
          ],
        },
        "Runtime": "python3.6",
        "Timeout": 900,
      },
      "Type": "AWS::Lambda::Function",
    },
    "CustomCDKBucketDeployment8693BB64968944B69AAFB0CC9EB8756CServiceRole89A01265": Object {
      "Properties": Object {
        "AssumeRolePolicyDocument": Object {
          "Statement": Array [
            Object {
              "Action": "sts:AssumeRole",
              "Effect": "Allow",
              "Principal": Object {
                "Service": "lambda.amazonaws.com",
              },
            },
          ],
          "Version": "2012-10-17",
        },
        "ManagedPolicyArns": Array [
          Object {
            "Fn::Join": Array [
              "",
              Array [
                "arn:",
                Object {
                  "Ref": "AWS::Partition",
                },
                ":iam::aws:policy/service-role/AWSLambdaBasicExecutionRole",
              ],
            ],
          },
        ],
      },
      "Type": "AWS::IAM::Role",
    },
    "CustomCDKBucketDeployment8693BB64968944B69AAFB0CC9EB8756CServiceRoleDefaultPolicy88902FDF": Object {
      "Properties": Object {
        "PolicyDocument": Object {
          "Statement": Array [
            Object {
              "Action": Array [
                "s3:GetObject*",
                "s3:GetBucket*",
                "s3:List*",
              ],
              "Effect": "Allow",
              "Resource": Array [
                Object {
                  "Fn::Join": Array [
                    "",
                    Array [
                      "arn:",
                      Object {
                        "Ref": "AWS::Partition",
                      },
                      ":s3:::",
                      Object {
                        "Ref": "AssetParametersc4d53c2eeeab7a70aa1f2e51d05d89c5f3b10a8d9d14146ab6face142762093eS3Bucket2013C2DF",
                      },
                    ],
                  ],
                },
                Object {
                  "Fn::Join": Array [
                    "",
                    Array [
                      "arn:",
                      Object {
                        "Ref": "AWS::Partition",
                      },
                      ":s3:::",
                      Object {
                        "Ref": "AssetParametersc4d53c2eeeab7a70aa1f2e51d05d89c5f3b10a8d9d14146ab6face142762093eS3Bucket2013C2DF",
                      },
                      "/*",
                    ],
                  ],
                },
              ],
            },
            Object {
              "Action": Array [
                "s3:GetObject*",
                "s3:GetBucket*",
                "s3:List*",
                "s3:DeleteObject*",
                "s3:PutObject*",
                "s3:Abort*",
              ],
              "Effect": "Allow",
              "Resource": Array [
                Object {
                  "Fn::GetAtt": Array [
                    "staticWebsitev1D351E58C",
                    "Arn",
                  ],
                },
                Object {
                  "Fn::Join": Array [
                    "",
                    Array [
                      Object {
                        "Fn::GetAtt": Array [
                          "staticWebsitev1D351E58C",
                          "Arn",
                        ],
                      },
                      "/*",
                    ],
                  ],
                },
              ],
            },
          ],
          "Version": "2012-10-17",
        },
        "PolicyName": "CustomCDKBucketDeployment8693BB64968944B69AAFB0CC9EB8756CServiceRoleDefaultPolicy88902FDF",
        "Roles": Array [
          Object {
            "Ref": "CustomCDKBucketDeployment8693BB64968944B69AAFB0CC9EB8756CServiceRole89A01265",
          },
        ],
      },
      "Type": "AWS::IAM::Policy",
    },
    "DeployWebsiteCustomResourceD116527B": Object {
      "DeletionPolicy": "Delete",
      "Properties": Object {
        "DestinationBucketKeyPrefix": "web/static",
        "DestinationBucketName": Object {
          "Ref": "staticWebsitev1D351E58C",
        },
        "Prune": true,
        "ServiceToken": Object {
          "Fn::GetAtt": Array [
            "CustomCDKBucketDeployment8693BB64968944B69AAFB0CC9EB8756C81C01536",
            "Arn",
          ],
        },
        "SourceBucketNames": Array [
          Object {
            "Ref": "AssetParametersc4d53c2eeeab7a70aa1f2e51d05d89c5f3b10a8d9d14146ab6face142762093eS3Bucket2013C2DF",
          },
        ],
        "SourceObjectKeys": Array [
          Object {
            "Fn::Join": Array [
              "",
              Array [
                Object {
                  "Fn::Select": Array [
                    0,
                    Object {
                      "Fn::Split": Array [
                        "||",
                        Object {
                          "Ref": "AssetParametersc4d53c2eeeab7a70aa1f2e51d05d89c5f3b10a8d9d14146ab6face142762093eS3VersionKey4ABDA729",
                        },
                      ],
                    },
                  ],
                },
                Object {
                  "Fn::Select": Array [
                    1,
                    Object {
                      "Fn::Split": Array [
                        "||",
                        Object {
                          "Ref": "AssetParametersc4d53c2eeeab7a70aa1f2e51d05d89c5f3b10a8d9d14146ab6face142762093eS3VersionKey4ABDA729",
                        },
                      ],
                    },
                  ],
                },
              ],
            ],
          },
        ],
      },
      "Type": "Custom::CDKBucketDeployment",
      "UpdateReplacePolicy": "Delete",
    },
    "cloudfrontCFDistribution0FC24C70": Object {
      "Properties": Object {
        "DistributionConfig": Object {
          "DefaultCacheBehavior": Object {
            "AllowedMethods": Array [
              "GET",
              "HEAD",
              "OPTIONS",
            ],
            "CachedMethods": Array [
              "GET",
              "HEAD",
            ],
            "Compress": true,
            "ForwardedValues": Object {
              "Cookies": Object {
                "Forward": "none",
              },
              "QueryString": false,
            },
            "TargetOriginId": "origin1",
            "ViewerProtocolPolicy": "allow-all",
          },
          "DefaultRootObject": "index.html",
          "Enabled": true,
          "HttpVersion": "http2",
          "IPV6Enabled": true,
          "Origins": Array [
            Object {
              "ConnectionAttempts": 3,
              "ConnectionTimeout": 10,
              "DomainName": Object {
                "Fn::GetAtt": Array [
                  "staticWebsitev1D351E58C",
                  "RegionalDomainName",
                ],
              },
              "Id": "origin1",
              "OriginPath": "/web/static",
              "S3OriginConfig": Object {
                "OriginAccessIdentity": Object {
                  "Fn::Join": Array [
                    "",
                    Array [
                      "origin-access-identity/cloudfront/",
                      Object {
                        "Ref": "BucketOrigin15820FC1",
                      },
                    ],
                  ],
                },
              },
            },
          ],
          "PriceClass": "PriceClass_All",
          "ViewerCertificate": Object {
            "CloudFrontDefaultCertificate": true,
          },
        },
      },
      "Type": "AWS::CloudFront::Distribution",
    },
    "staticWebsitev1D351E58C": Object {
      "DeletionPolicy": "Retain",
      "Properties": Object {
        "WebsiteConfiguration": Object {
          "ErrorDocument": "404.html",
          "IndexDocument": "index.html",
        },
      },
      "Type": "AWS::S3::Bucket",
      "UpdateReplacePolicy": "Retain",
    },
    "staticWebsitev1PolicyF4B9EE9E": Object {
      "Properties": Object {
        "Bucket": Object {
          "Ref": "staticWebsitev1D351E58C",
        },
        "PolicyDocument": Object {
          "Statement": Array [
            Object {
              "Action": Array [
                "s3:GetObject*",
                "s3:GetBucket*",
                "s3:List*",
              ],
              "Effect": "Allow",
              "Principal": Object {
                "CanonicalUser": Object {
                  "Fn::GetAtt": Array [
                    "BucketOrigin15820FC1",
                    "S3CanonicalUserId",
                  ],
                },
              },
              "Resource": Array [
                Object {
                  "Fn::GetAtt": Array [
                    "staticWebsitev1D351E58C",
                    "Arn",
                  ],
                },
                Object {
                  "Fn::Join": Array [
                    "",
                    Array [
                      Object {
                        "Fn::GetAtt": Array [
                          "staticWebsitev1D351E58C",
                          "Arn",
                        ],
                      },
                      "/*",
                    ],
                  ],
                },
              ],
            },
          ],
          "Version": "2012-10-17",
        },
      },
      "Type": "AWS::S3::BucketPolicy",
    },
  },
}
`;
